============================= test session starts =============================
platform win32 -- Python 3.14.0, pytest-9.0.3, pluggy-1.6.0 -- C:\SZ\Masterschool\AI for Developers\From Dev to Prod\Exercise\Events-API\venv\Scripts\python.exe
cachedir: .pytest_cache
rootdir: C:\SZ\Masterschool\AI for Developers\From Dev to Prod\Exercise\Events-API
collecting ... collected 11 items

tests/test_api.py::test_api_health_check PASSED                          [  9%]
tests/test_api.py::test_user_registration PASSED                         [ 18%]
tests/test_api.py::test_user_login PASSED                                [ 27%]
tests/test_api.py::test_get_all_events PASSED                            [ 36%]
tests/test_api.py::test_prevent_duplicate_registration PASSED            [ 45%]
tests/test_api.py::test_login_with_invalid_password PASSED               [ 54%]
tests/test_api.py::test_create_event_without_auth_fails PASSED           [ 63%]
tests/test_api.py::test_full_event_creation_process PASSED               [ 72%]
tests/test_api.py::test_rsvp_to_existing_event PASSED                    [ 81%]
tests/test_api.py::test_api_root_endpoint PASSED                         [ 90%]
tests/test_models.py::test_user_password_hashing_behaves_correctly PASSED [100%]

============================= 11 passed in 1.27s ==============================
